
> spa@1.0.0 start
> gulp

[[90m22:23:27[39m] Using gulpfile ~\OneDrive\Documentos\GitHub\Web-moderno-Javascript\gulp\spa\gulpfile.js
[[90m22:23:27[39m] Starting 'default'...
[[90m22:23:27[39m] Starting 'appHtml'...
[[90m22:23:27[39m] Starting 'depsCSS'...
[[90m22:23:27[39m] Finished 'depsCSS' after 46 ms
[[90m22:23:27[39m] Starting 'depsFonts'...
[[90m22:23:27[39m] Finished 'appHtml' after 56 ms
[[90m22:23:27[39m] Starting 'appCSS'...
[[90m22:23:27[39m] Finished 'appCSS' after 77 ms
[[90m22:23:27[39m] Starting 'appJS'...
[[90m22:23:27[39m] Finished 'appJS' after 148 ms
[[90m22:23:27[39m] Starting 'appIMG'...
[[90m22:23:27[39m] Finished 'depsFonts' after 239 ms
[[90m22:23:27[39m] Finished 'appIMG' after 22 ms
[[90m22:23:27[39m] Starting 'servidor'...
[[90m22:23:27[39m] Starting 'monitorarArquivos'...
[22:23:27] Webserver started at http://localhost:8080
[[90m22:23:27[39m] Finished 'monitorarArquivos' after 26 ms
[[90m22:23:27[39m] Finished 'servidor' after 37 ms
[[90m22:23:27[39m] Finished 'default' after 347 ms
